31 ''
  2 'blabla'
  4 'foo'
    3 ''
    1 'bar'
  10 'no way'
    0 ''
    10 ' this is a child'
  15 'this'
