4 ./
  2 src/
    1 main.rs
    1 options.rs
  1 Cargo.toml
  1 Cargo.lock